2025-07-04 17:10:39,534 — proctoring — ERROR — ID proof processing failed
Traceback (most recent call last):
  File "C:\Users\Srilatha\Desktop\Video_Proctoring\videoproctoring\app\apis\identity_verification.py", line 63, in verify_with_id
    result = match_with_idproof(live, idb)
             ^^^^^^^^^^^^^^^^^^^^^^^^^^^^^
  File "C:\Users\Srilatha\Desktop\Video_Proctoring\videoproctoring\app\services\liveface_matching.py", line 104, in match_with_idproof
    id_embedding = extract_embedding(id_bytes)
                   ^^^^^^^^^^^^^^^^^^^^^^^^^^^
  File "C:\Users\Srilatha\Desktop\Video_Proctoring\videoproctoring\app\services\liveface_matching.py", line 55, in extract_embedding
    raise ProctoringException("Multiple faces detected. Only one allowed.", 422)
app.exceptions.base.ProctoringException: Multiple faces detected. Only one allowed.
2025-07-04 17:10:39,548 — proctoring — ERROR — /identity/verify-with-idproof — 500 — Failed to verify ID proof
2025-07-04 17:11:22,692 — proctoring — ERROR — ID proof processing failed
Traceback (most recent call last):
  File "C:\Users\Srilatha\Desktop\Video_Proctoring\videoproctoring\app\apis\identity_verification.py", line 63, in verify_with_id
    result = match_with_idproof(live, idb)
             ^^^^^^^^^^^^^^^^^^^^^^^^^^^^^
  File "C:\Users\Srilatha\Desktop\Video_Proctoring\videoproctoring\app\services\liveface_matching.py", line 104, in match_with_idproof
    id_embedding = extract_embedding(id_bytes)
                   ^^^^^^^^^^^^^^^^^^^^^^^^^^^
  File "C:\Users\Srilatha\Desktop\Video_Proctoring\videoproctoring\app\services\liveface_matching.py", line 53, in extract_embedding
    raise ProctoringException("No face found in image", 422)
app.exceptions.base.ProctoringException: No face found in image
2025-07-04 17:11:22,746 — proctoring — ERROR — /identity/verify-with-idproof — 500 — Failed to verify ID proof
2025-07-04 17:17:17,583 — proctoring — ERROR — ID proof processing failed
Traceback (most recent call last):
  File "C:\Users\Srilatha\Desktop\Video_Proctoring\videoproctoring\app\apis\identity_verification.py", line 65, in verify_with_id
    result = match_with_idproof(live, idb)
             ^^^^^^^^^^^^^^^^^^^^^^^^^^^^^
  File "C:\Users\Srilatha\Desktop\Video_Proctoring\videoproctoring\app\services\liveface_matching.py", line 104, in match_with_idproof
    id_embedding = extract_embedding(id_bytes)
                   ^^^^^^^^^^^^^^^^^^^^^^^^^^^
  File "C:\Users\Srilatha\Desktop\Video_Proctoring\videoproctoring\app\services\liveface_matching.py", line 53, in extract_embedding
    raise ProctoringException("No face found in image", 422)
app.exceptions.base.ProctoringException: No face found in image
2025-07-04 17:17:17,586 — proctoring — ERROR — /identity/verify-with-idproof — 500 — Failed to verify ID proof
2025-07-04 17:19:33,548 — proctoring — ERROR — ID proof processing failed
Traceback (most recent call last):
  File "C:\Users\Srilatha\Desktop\Video_Proctoring\videoproctoring\app\apis\identity_verification.py", line 65, in verify_with_id
    result = match_with_idproof(live, idb)
             ^^^^^^^^^^^^^^^^^^^^^^^^^^^^^
  File "C:\Users\Srilatha\Desktop\Video_Proctoring\videoproctoring\app\services\liveface_matching.py", line 105, in match_with_idproof
    id_embedding = extract_embedding(id_bytes)
                   ^^^^^^^^^^^^^^^^^^^^^^^^^^^
  File "C:\Users\Srilatha\Desktop\Video_Proctoring\videoproctoring\app\services\liveface_matching.py", line 53, in extract_embedding
    raise ProctoringException("No face found in image", 422)
app.exceptions.base.ProctoringException: No face found in image
2025-07-04 17:19:33,550 — proctoring — ERROR — /identity/verify-with-idproof — 500 — Failed to verify ID proof
2025-07-04 17:21:57,503 — proctoring — ERROR — ID proof processing failed
Traceback (most recent call last):
  File "C:\Users\Srilatha\Desktop\Video_Proctoring\videoproctoring\app\apis\identity_verification.py", line 65, in verify_with_id
    result = match_with_idproof(live, idb)
             ^^^^^^^^^^^^^^^^^^^^^^^^^^^^^
  File "C:\Users\Srilatha\Desktop\Video_Proctoring\videoproctoring\app\services\liveface_matching.py", line 106, in match_with_idproof
    id_embedding = extract_embedding(id_bytes)
                   ^^^^^^^^^^^^^^^^^^^^^^^^^^^
  File "C:\Users\Srilatha\Desktop\Video_Proctoring\videoproctoring\app\services\liveface_matching.py", line 53, in extract_embedding
    raise ProctoringException("No face found in image", 422)
app.exceptions.base.ProctoringException: No face found in image
2025-07-04 17:21:57,503 — proctoring — ERROR — /identity/verify-with-idproof — 500 — Failed to verify ID proof
2025-07-04 17:23:24,817 — proctoring — ERROR — ID proof processing failed
Traceback (most recent call last):
  File "C:\Users\Srilatha\Desktop\Video_Proctoring\videoproctoring\app\apis\identity_verification.py", line 65, in verify_with_id
    result = match_with_idproof(live, idb)
             ^^^^^^^^^^^^^^^^^^^^^^^^^^^^^
  File "C:\Users\Srilatha\Desktop\Video_Proctoring\videoproctoring\app\services\liveface_matching.py", line 106, in match_with_idproof
    id_embedding = extract_embedding(id_bytes)
                   ^^^^^^^^^^^^^^^^^^^^^^^^^^^
  File "C:\Users\Srilatha\Desktop\Video_Proctoring\videoproctoring\app\services\liveface_matching.py", line 55, in extract_embedding
    raise ProctoringException("Multiple faces detected. Only one allowed.", 422)
app.exceptions.base.ProctoringException: Multiple faces detected. Only one allowed.
2025-07-04 17:23:24,819 — proctoring — ERROR — /identity/verify-with-idproof — 500 — Failed to verify ID proof
2025-07-04 18:22:18,770 — proctoring — ERROR — ID proof processing failed
Traceback (most recent call last):
  File "C:\Users\Srilatha\Desktop\Video_Proctoring\videoproctoring\app\apis\identity_verification.py", line 65, in verify_with_id
    result = match_with_idproof(live, idb)
             ^^^^^^^^^^^^^^^^^^^^^^^^^^^^^
  File "C:\Users\Srilatha\Desktop\Video_Proctoring\videoproctoring\app\services\liveface_matching.py", line 110, in match_with_idproof
    id_embedding = extract_largest_face_embedding(id_bytes)
                   ^^^^^^^^^^^^^^^^^^^^^^^^^^^^^^^^^^^^^^^^
  File "C:\Users\Srilatha\Desktop\Video_Proctoring\videoproctoring\app\services\liveface_matching.py", line 142, in extract_largest_face_embedding
    raise ProctoringException("No face found in image", 422)
app.exceptions.base.ProctoringException: No face found in image
2025-07-04 18:22:18,801 — proctoring — ERROR — /identity/verify-with-idproof — 500 — Failed to verify ID proof
2025-07-04 18:34:42,407 — proctoring — ERROR — Error in extracting face embedding
Traceback (most recent call last):
  File "C:\Users\Srilatha\Desktop\Video_Proctoring\videoproctoring\app\services\liveface_matching.py", line 146, in extract_largest_face_embedding
    raise ProctoringException("No face found in image", 422)
app.exceptions.base.ProctoringException: No face found in image
2025-07-04 18:34:42,409 — proctoring — ERROR — ID proof processing failed
Traceback (most recent call last):
  File "C:\Users\Srilatha\Desktop\Video_Proctoring\videoproctoring\app\apis\identity_verification.py", line 70, in verify_with_id
    result = match_with_idproof(live, idb)
             ^^^^^^^^^^^^^^^^^^^^^^^^^^^^^
  File "C:\Users\Srilatha\Desktop\Video_Proctoring\videoproctoring\app\services\liveface_matching.py", line 110, in match_with_idproof
    id_embedding = extract_largest_face_embedding(id_bytes)
                   ^^^^^^^^^^^^^^^^^^^^^^^^^^^^^^^^^^^^^^^^
  File "C:\Users\Srilatha\Desktop\Video_Proctoring\videoproctoring\app\services\liveface_matching.py", line 146, in extract_largest_face_embedding
    raise ProctoringException("No face found in image", 422)
app.exceptions.base.ProctoringException: No face found in image
2025-07-04 18:34:42,411 — proctoring — ERROR — /identity/verify-with-idproof — 500 — Failed to verify ID proof
2025-07-04 18:38:38,810 — proctoring — ERROR — Error in extracting face embedding
Traceback (most recent call last):
  File "C:\Users\Srilatha\Desktop\Video_Proctoring\videoproctoring\app\services\liveface_matching.py", line 146, in extract_largest_face_embedding
    raise ProctoringException("No face found in image", 422)
app.exceptions.base.ProctoringException: No face found in image
2025-07-04 18:38:38,815 — proctoring — ERROR — ID proof processing failed
Traceback (most recent call last):
  File "C:\Users\Srilatha\Desktop\Video_Proctoring\videoproctoring\app\apis\identity_verification.py", line 70, in verify_with_id
    result = match_with_idproof(live, idb)
             ^^^^^^^^^^^^^^^^^^^^^^^^^^^^^
  File "C:\Users\Srilatha\Desktop\Video_Proctoring\videoproctoring\app\services\liveface_matching.py", line 110, in match_with_idproof
    id_embedding = extract_largest_face_embedding(id_bytes)
                   ^^^^^^^^^^^^^^^^^^^^^^^^^^^^^^^^^^^^^^^^
  File "C:\Users\Srilatha\Desktop\Video_Proctoring\videoproctoring\app\services\liveface_matching.py", line 146, in extract_largest_face_embedding
    raise ProctoringException("No face found in image", 422)
app.exceptions.base.ProctoringException: No face found in image
2025-07-04 18:38:38,817 — proctoring — ERROR — /identity/verify-with-idproof — 500 — Failed to verify ID proof
2025-07-04 18:42:10,224 — proctoring — ERROR — Error in extracting face embedding
Traceback (most recent call last):
  File "C:\Users\Srilatha\Desktop\Video_Proctoring\videoproctoring\app\services\liveface_matching.py", line 146, in extract_largest_face_embedding
    raise ProctoringException("No face found in image", 422)
app.exceptions.base.ProctoringException: No face found in image
2025-07-04 18:42:10,226 — proctoring — ERROR — ID proof processing failed
Traceback (most recent call last):
  File "C:\Users\Srilatha\Desktop\Video_Proctoring\videoproctoring\app\apis\identity_verification.py", line 70, in verify_with_id
    result = match_with_idproof(live, idb)
             ^^^^^^^^^^^^^^^^^^^^^^^^^^^^^
  File "C:\Users\Srilatha\Desktop\Video_Proctoring\videoproctoring\app\services\liveface_matching.py", line 110, in match_with_idproof
    id_embedding = extract_largest_face_embedding(id_bytes)
                   ^^^^^^^^^^^^^^^^^^^^^^^^^^^^^^^^^^^^^^^^
  File "C:\Users\Srilatha\Desktop\Video_Proctoring\videoproctoring\app\services\liveface_matching.py", line 146, in extract_largest_face_embedding
    raise ProctoringException("No face found in image", 422)
app.exceptions.base.ProctoringException: No face found in image
2025-07-04 18:42:10,226 — proctoring — ERROR — /identity/verify-with-idproof — 500 — Failed to verify ID proof
2025-07-04 18:46:57,647 — proctoring — ERROR — Error in extracting face embedding
Traceback (most recent call last):
  File "C:\Users\Srilatha\Desktop\Video_Proctoring\videoproctoring\app\services\liveface_matching.py", line 146, in extract_largest_face_embedding
    raise ProctoringException("No face found in image", 422)
app.exceptions.base.ProctoringException: No face found in image
2025-07-04 18:46:57,649 — proctoring — ERROR — ID proof processing failed
Traceback (most recent call last):
  File "C:\Users\Srilatha\Desktop\Video_Proctoring\videoproctoring\app\apis\identity_verification.py", line 74, in verify_with_id
    result = match_with_idproof(live, idb)
             ^^^^^^^^^^^^^^^^^^^^^^^^^^^^^
  File "C:\Users\Srilatha\Desktop\Video_Proctoring\videoproctoring\app\services\liveface_matching.py", line 110, in match_with_idproof
    id_embedding = extract_largest_face_embedding(id_bytes)
                   ^^^^^^^^^^^^^^^^^^^^^^^^^^^^^^^^^^^^^^^^
  File "C:\Users\Srilatha\Desktop\Video_Proctoring\videoproctoring\app\services\liveface_matching.py", line 146, in extract_largest_face_embedding
    raise ProctoringException("No face found in image", 422)
app.exceptions.base.ProctoringException: No face found in image
2025-07-04 18:46:57,653 — proctoring — ERROR — /identity/verify-with-idproof — 500 — Failed to verify ID proof
2025-07-04 18:49:26,404 — proctoring — ERROR — Error in extracting face embedding
Traceback (most recent call last):
  File "C:\Users\Srilatha\Desktop\Video_Proctoring\videoproctoring\app\services\liveface_matching.py", line 146, in extract_largest_face_embedding
    raise ProctoringException("No face found in image", 422)
app.exceptions.base.ProctoringException: No face found in image
2025-07-04 18:49:26,404 — proctoring — ERROR — ID proof processing failed
Traceback (most recent call last):
  File "C:\Users\Srilatha\Desktop\Video_Proctoring\videoproctoring\app\apis\identity_verification.py", line 75, in verify_with_id
    result = match_with_idproof(live, idb)
             ^^^^^^^^^^^^^^^^^^^^^^^^^^^^^
  File "C:\Users\Srilatha\Desktop\Video_Proctoring\videoproctoring\app\services\liveface_matching.py", line 110, in match_with_idproof
    id_embedding = extract_largest_face_embedding(id_bytes)
                   ^^^^^^^^^^^^^^^^^^^^^^^^^^^^^^^^^^^^^^^^
  File "C:\Users\Srilatha\Desktop\Video_Proctoring\videoproctoring\app\services\liveface_matching.py", line 146, in extract_largest_face_embedding
    raise ProctoringException("No face found in image", 422)
app.exceptions.base.ProctoringException: No face found in image
2025-07-04 18:49:26,404 — proctoring — ERROR — /identity/verify-with-idproof — 500 — Failed to verify ID proof
2025-07-04 18:59:10,882 — proctoring — ERROR — ID proof processing failed
Traceback (most recent call last):
  File "C:\Users\Srilatha\Desktop\Video_Proctoring\videoproctoring\app\apis\identity_verification.py", line 61, in verify_with_id
    open_cv_image = np.array(pil_image)
                    ^^
NameError: name 'np' is not defined
2025-07-04 18:59:10,882 — proctoring — ERROR — /identity/verify-with-idproof — 500 — Failed to verify ID proof
2025-07-04 19:00:34,260 — proctoring — ERROR — Error in extracting face embedding
Traceback (most recent call last):
  File "C:\Users\Srilatha\Desktop\Video_Proctoring\videoproctoring\app\services\liveface_matching.py", line 146, in extract_largest_face_embedding
    raise ProctoringException("No face found in image", 422)
app.exceptions.base.ProctoringException: No face found in image
2025-07-04 19:00:34,265 — proctoring — ERROR — /identity/verify-with-idproof — 422 — No face found in image
2025-07-04 19:04:32,068 — proctoring — ERROR — Error in extracting face embedding
Traceback (most recent call last):
  File "C:\Users\Srilatha\Desktop\Video_Proctoring\videoproctoring\app\services\liveface_matching.py", line 146, in extract_largest_face_embedding
    raise ProctoringException("No face found in image", 422)
app.exceptions.base.ProctoringException: No face found in image
2025-07-04 19:04:32,070 — proctoring — ERROR — /identity/verify-with-idproof — 422 — No face found in image
2025-07-04 19:11:15,080 — proctoring — ERROR — Error in extracting face embedding
Traceback (most recent call last):
  File "C:\Users\Srilatha\Desktop\Video_Proctoring\videoproctoring\app\services\liveface_matching.py", line 146, in extract_largest_face_embedding
    raise ProctoringException("No face found in image", 422)
app.exceptions.base.ProctoringException: No face found in image
2025-07-04 19:11:15,082 — proctoring — ERROR — /identity/verify-with-idproof — 422 — No face found in image
2025-07-04 19:13:36,454 — proctoring — ERROR — Error in extracting face embedding
Traceback (most recent call last):
  File "C:\Users\Srilatha\Desktop\Video_Proctoring\videoproctoring\app\services\liveface_matching.py", line 146, in extract_largest_face_embedding
    raise ProctoringException("No face found in image", 422)
app.exceptions.base.ProctoringException: No face found in image
2025-07-04 19:13:36,457 — proctoring — ERROR — /identity/verify-with-idproof — 422 — No face found in image
2025-07-04 19:15:31,057 — proctoring — ERROR — Error in extracting face embedding
Traceback (most recent call last):
  File "C:\Users\Srilatha\Desktop\Video_Proctoring\videoproctoring\app\services\liveface_matching.py", line 146, in extract_largest_face_embedding
    raise ProctoringException("No face found in image", 422)
app.exceptions.base.ProctoringException: No face found in image
2025-07-04 19:15:31,060 — proctoring — ERROR — /identity/verify-with-idproof — 422 — No face found in image
2025-07-07 10:28:51,384 — proctoring — ERROR — Error in extracting face embedding
Traceback (most recent call last):
  File "C:\Users\Srilatha\Desktop\Video_Proctoring\videoproctoring\app\services\liveface_matching.py", line 146, in extract_largest_face_embedding
    raise ProctoringException("No face found in image", 422)
app.exceptions.base.ProctoringException: No face found in image
2025-07-07 10:28:51,386 — proctoring — ERROR — /identity/verify-with-idproof — 422 — No face found in image
2025-07-07 10:40:33,531 — proctoring — ERROR — Error in extracting face embedding
Traceback (most recent call last):
  File "C:\Users\Srilatha\Desktop\Video_Proctoring\videoproctoring\app\services\liveface_matching.py", line 148, in extract_largest_face_embedding
    raise ProctoringException("No face found in image", 422)
app.exceptions.base.ProctoringException: No face found in image
2025-07-07 10:40:33,532 — proctoring — ERROR — /identity/verify-with-idproof — 422 — No face found in image
2025-07-07 10:45:47,410 — proctoring — ERROR — Error in extracting face embedding
Traceback (most recent call last):
  File "C:\Users\Srilatha\Desktop\Video_Proctoring\videoproctoring\app\services\liveface_matching.py", line 151, in extract_largest_face_embedding
    raise ProctoringException("No face found in image", 422)
app.exceptions.base.ProctoringException: No face found in image
2025-07-07 10:45:47,411 — proctoring — ERROR — /identity/verify-with-idproof — 422 — No face found in image
2025-07-07 10:50:47,810 — proctoring — ERROR — Error in extracting face embedding
Traceback (most recent call last):
  File "C:\Users\Srilatha\Desktop\Video_Proctoring\videoproctoring\app\services\liveface_matching.py", line 153, in extract_largest_face_embedding
    raise ProctoringException("No face found in image", 422)
app.exceptions.base.ProctoringException: No face found in image
2025-07-07 10:50:47,811 — proctoring — ERROR — /identity/verify-with-idproof — 422 — No face found in image
2025-07-07 10:54:10,795 — proctoring — ERROR — Error in extracting face embedding
Traceback (most recent call last):
  File "C:\Users\Srilatha\Desktop\Video_Proctoring\videoproctoring\app\services\liveface_matching.py", line 153, in extract_largest_face_embedding
    raise ProctoringException("No face found in image", 422)
app.exceptions.base.ProctoringException: No face found in image
2025-07-07 10:54:10,796 — proctoring — ERROR — /identity/verify-with-idproof — 422 — No face found in image
2025-07-07 12:05:40,559 — proctoring — ERROR — ID proof processing failed
Traceback (most recent call last):
  File "C:\Users\Srilatha\Desktop\Video_Proctoring\videoproctoring\app\apis\identity_verification.py", line 69, in verify_with_id
    result = match_with_idproof(preprocess_live, preprocess_idb)
                                                 ^^^^^^^^^^^^^^
UnboundLocalError: cannot access local variable 'preprocess_idb' where it is not associated with a value
2025-07-07 12:05:40,586 — proctoring — ERROR — /identity/verify-with-idproof — 500 — Failed to verify ID proof
2025-07-07 12:06:23,042 — proctoring — ERROR — ID proof processing failed
Traceback (most recent call last):
  File "C:\Users\Srilatha\Desktop\Video_Proctoring\videoproctoring\app\apis\identity_verification.py", line 69, in verify_with_id
    result = match_with_idproof(preprocess_live, preprocess_idb)
                                                 ^^^^^^^^^^^^^^
UnboundLocalError: cannot access local variable 'preprocess_idb' where it is not associated with a value
2025-07-07 12:06:23,043 — proctoring — ERROR — /identity/verify-with-idproof — 500 — Failed to verify ID proof
2025-07-07 12:06:53,045 — proctoring — ERROR — ID proof processing failed
Traceback (most recent call last):
  File "C:\Users\Srilatha\Desktop\Video_Proctoring\videoproctoring\app\apis\identity_verification.py", line 69, in verify_with_id
    result = match_with_idproof(preprocess_live, preprocess_idb)
                                ^^^^^^^^^^^^^^^
UnboundLocalError: cannot access local variable 'preprocess_idb' where it is not associated with a value
2025-07-07 12:06:53,045 — proctoring — ERROR — /identity/verify-with-idproof — 500 — Failed to verify ID proof
2025-07-08 15:36:41,549 — proctoring — ERROR — VAD processing failed
Traceback (most recent call last):
  File "C:\Users\Srilatha\Desktop\Video_Proctoring\VideoProctoring\app\apis\voice_activity_detection.py", line 15, in background_conversations_from_video
    result = extract_audio(video_bytes, video_file.filename)
             ^^^^^^^^^^^^^^^^^^^^^^^^^^^^^^^^^^^^^^^^^^^^^^^
  File "C:\Users\Srilatha\Desktop\Video_Proctoring\VideoProctoring\app\services\background_audio.py", line 57, in extract_audio
    return analyze_background_audio(wav_path)
           ^^^^^^^^^^^^^^^^^^^^^^^^^^^^^^^^^^
  File "C:\Users\Srilatha\Desktop\Video_Proctoring\VideoProctoring\app\services\background_audio.py", line 30, in analyze_background_audio
    raise Exception("Audio must be mono and 16kHz")
Exception: Audio must be mono and 16kHz
2025-07-08 15:36:41,638 — proctoring — ERROR — /audio-proctoring/background_conversations — 500 — Failed to process video for VAD
